[findrealestate.com/_next/static/media/26d0ba92e140f0dc-s.p.woff2]
[findrealestate.com/_next/static/media/5c0c2bcbaa4149ca-s.p.woff2]
[backblue.gif]
[fade.gif]
[index.html]
[findrealestate.com/manifest.webmanifest]
[findrealestate.com/opengraph-imagefd10.png]
[findrealestate.com/favicon.ico]
[findrealestate.com/apple-icon2c23.png]
[findrealestate.com/_next/back3a88.jpg]
[findrealestate.com/_next/housefe36.png]
[findrealestate.com/_next/housed5ca.png]
[findrealestate.com/_next/housed655.png]
[findrealestate.com/_next/house3e97.png]
[findrealestate.com/_next/house5b20.png]
[findrealestate.com/_next/house59d3.png]
[findrealestate.com/_next/house51c6.png]
[findrealestate.com/_next/cloudf9f8.png]
[findrealestate.com/_next/cloud64ba.png]
[findrealestate.com/_next/cloud4da3.png]
[findrealestate.com/_next/cloudbd4a.png]
[findrealestate.com/_next/cloude2b8.png]
[findrealestate.com/_next/cloud5a46.png]
[findrealestate.com/_next/cloudfd91.png]
[findrealestate.com/_next/smoke9973.png]
[findrealestate.com/_next/smokec38a.png]
[findrealestate.com/_next/smoke00d7.png]
[findrealestate.com/_next/smoke5cfe.png]
[findrealestate.com/_next/smoke303c.png]
[findrealestate.com/_next/smoke03e2.png]
[findrealestate.com/_next/smoke8649.png]
[findrealestate.com/videos/why-us.mp4]
[findrealestate.com/_next/1528d.jpg]
[findrealestate.com/_next/18300.jpg]
[findrealestate.com/_next/137ea.jpg]
[findrealestate.com/_next/11a01.jpg]
[findrealestate.com/_next/1b4c3.jpg]
[findrealestate.com/_next/1b79f.jpg]
[findrealestate.com/_next/1f09c.jpg]
[findrealestate.com/_next/24262.jpg]
[findrealestate.com/_next/273be.jpg]
[findrealestate.com/_next/23e37.jpg]
[findrealestate.com/_next/2e45b.jpg]
[findrealestate.com/_next/2fc82.jpg]
[findrealestate.com/_next/2b76d.jpg]
[findrealestate.com/_next/2261a.jpg]
[findrealestate.com/_next/375b0.jpg]
[findrealestate.com/_next/31ad0.jpg]
[findrealestate.com/_next/3fa59.jpg]
[findrealestate.com/_next/3475d.jpg]
[findrealestate.com/_next/3e061.jpg]
[findrealestate.com/_next/33f32.jpg]
[findrealestate.com/_next/3a0aa.jpg]
[findrealestate.com/_next/4742d.jpg]
[findrealestate.com/_next/4b8a0.jpg]
[findrealestate.com/_next/4d85a.jpg]
[findrealestate.com/_next/41eff.jpg]
[findrealestate.com/_next/4d6b8.jpg]
[findrealestate.com/_next/4b013.jpg]
[findrealestate.com/_next/41a4a.jpg]
[findrealestate.com/_next/18320.jpg]
[findrealestate.com/_next/1b6c2.jpg]
[findrealestate.com/_next/11249.jpg]
[findrealestate.com/_next/1f3aa.jpg]
[findrealestate.com/_next/1d71b.jpg]
[findrealestate.com/_next/1910b.jpg]
[findrealestate.com/_next/18e08.jpg]
[findrealestate.com/_next/2c91a.jpg]
[findrealestate.com/_next/26115.jpg]
[findrealestate.com/_next/23f53.jpg]
[findrealestate.com/_next/236d3.jpg]
[findrealestate.com/_next/2aac7.jpg]
[findrealestate.com/_next/276b6.jpg]
[findrealestate.com/_next/28325.jpg]
[findrealestate.com/_next/1558c.jpg]
[findrealestate.com/_next/10ca7.jpg]
[findrealestate.com/_next/buy3b7f.jpg]
[findrealestate.com/_next/buyf632.jpg]
[findrealestate.com/_next/buy74cb.jpg]
[findrealestate.com/_next/buyaacc.jpg]
[findrealestate.com/_next/buyf2e1.jpg]
[findrealestate.com/_next/buy315b.jpg]
[findrealestate.com/_next/buy9ee0.jpg]
[findrealestate.com/_next/sell0ed9.jpg]
[findrealestate.com/_next/sellbbd7.jpg]
[findrealestate.com/_next/sell2f33.jpg]
[findrealestate.com/_next/sell8063.jpg]
[findrealestate.com/_next/sell31ea.jpg]
[findrealestate.com/_next/sellcfd5.jpg]
[findrealestate.com/_next/sell58ab.jpg]
[findrealestate.com/_next/rent6b0e.jpg]
[findrealestate.com/_next/rent89e1.jpg]
[findrealestate.com/_next/rentaa2d.jpg]
[findrealestate.com/_next/rent7c80.jpg]
[findrealestate.com/_next/rent8ba0.jpg]
[findrealestate.com/_next/rent6d4b.jpg]
[findrealestate.com/_next/rent16bc.jpg]
[findrealestate.com/_next/mortgage-services9f98.jpg]
[findrealestate.com/_next/mortgage-services8a72.jpg]
[findrealestate.com/_next/property-managementf726.jpg]
[findrealestate.com/_next/property-managementdbc7.jpg]
[findrealestate.com/_next/development34bd.jpg]
[findrealestate.com/_next/developmenta9fe.jpg]
[findrealestate.com/_next/bgf618.jpg]
[fresh-boot-3c0a0dc212.media.strapiapp.com/large_Untitled_design_2026_09_02_T035929_341_6ca6e73a0f.png]
[fresh-boot-3c0a0dc212.media.strapiapp.com/small_Untitled_design_2026_09_02_T035929_341_6ca6e73a0f.png]
[fresh-boot-3c0a0dc212.media.strapiapp.com/medium_Untitled_design_2026_09_02_T035929_341_6ca6e73a0f.png]
[fresh-boot-3c0a0dc212.media.strapiapp.com/thumbnail_Untitled_design_2026_09_02_T035929_341_6ca6e73a0f.png]
[fresh-boot-3c0a0dc212.media.strapiapp.com/Untitled_design_2026_09_02_T035929_341_6ca6e73a0f.png]
[fresh-boot-3c0a0dc212.media.strapiapp.com/large_nyc_604e40fa02.png]
[fresh-boot-3c0a0dc212.media.strapiapp.com/small_nyc_604e40fa02.png]
[fresh-boot-3c0a0dc212.media.strapiapp.com/medium_nyc_604e40fa02.png]
[fresh-boot-3c0a0dc212.media.strapiapp.com/thumbnail_nyc_604e40fa02.png]
[fresh-boot-3c0a0dc212.media.strapiapp.com/nyc_604e40fa02.png]
[fresh-boot-3c0a0dc212.media.strapiapp.com/large_nyc_5a9f0cd18f.png]
[fresh-boot-3c0a0dc212.media.strapiapp.com/small_nyc_5a9f0cd18f.png]
[fresh-boot-3c0a0dc212.media.strapiapp.com/medium_nyc_5a9f0cd18f.png]
[fresh-boot-3c0a0dc212.media.strapiapp.com/thumbnail_nyc_5a9f0cd18f.png]
[fresh-boot-3c0a0dc212.media.strapiapp.com/nyc_5a9f0cd18f.png]
[fresh-boot-3c0a0dc212.media.strapiapp.com/large_jonathan_gong_tl3jdt_Z_u_YM_unsplash_5f055e7e75.jpg]
[fresh-boot-3c0a0dc212.media.strapiapp.com/small_jonathan_gong_tl3jdt_Z_u_YM_unsplash_5f055e7e75.jpg]
[fresh-boot-3c0a0dc212.media.strapiapp.com/medium_jonathan_gong_tl3jdt_Z_u_YM_unsplash_5f055e7e75.jpg]
[fresh-boot-3c0a0dc212.media.strapiapp.com/thumbnail_jonathan_gong_tl3jdt_Z_u_YM_unsplash_5f055e7e75.jpg]
[fresh-boot-3c0a0dc212.media.strapiapp.com/jonathan_gong_tl3jdt_Z_u_YM_unsplash_5f055e7e75.jpg]
[findrealestate.com/index.html]
[findrealestate.com/_next/static/css/e2782cd3e79a266bdbbc.css]
[findrealestate.com/_next/static/css/43ebd1f67d8fddb8dbbc.css]
[findrealestate.com/_next/static/css/5290e5f354def47ddbbc.css]
[findrealestate.com/_next/static/css/e57884f9deb6ac47dbbc.css]
[findrealestate.com/_next/static/css/33f3cda2aa79f5e3dbbc.css]
[findrealestate.com/_next/static/css/4c0c15c47e700f3fdbbc.css]
[findrealestate.com/_next/static/css/f46e979614fc3394dbbc.css]
[findrealestate.com/_next/static/css/76625cdb983d5d00dbbc.css]
[findrealestate.com/_next/static/css/adc61774fa76340bdbbc.css]
[findrealestate.com/_next/static/css/2ce3823ef48c999ddbbc.css]
[findrealestate.com/_next/static/css/33946ee3638ff2c6dbbc.css]
[findrealestate.com/_next/static/css/9937fd1aba9aa98ddbbc.css]
[findrealestate.com/_next/static/css/8632167ed701bae5dbbc.css]
[findrealestate.com/_next/static/css/2e532af035d014b7dbbc.css]
[findrealestate.com/_next/static/css/b5b2aff2d516d26fdbbc.css]
[findrealestate.com/_next/static/chunks/webpack-3c9814a8f9cf3164dbbc.js]
[findrealestate.com/_next/static/chunks/4bd1b696-100b9d70ed4e49c1dbbc.js]
[findrealestate.com/_next/static/chunks/1255-9b910cf8efc45f15dbbc.js]
[findrealestate.com/_next/static/chunks/main-app-b7ac91ae224968d9dbbc.js]
[findrealestate.com/_next/static/chunks/c15bf2b0-1894ff94ed039d0fdbbc.js]
[findrealestate.com/_next/static/chunks/7605-e8c59d9d93203c75dbbc.js]
[findrealestate.com/_next/static/chunks/5580-a4808b0cf38336a6dbbc.js]
[findrealestate.com/_next/static/chunks/3467-0a1129a8e91961eadbbc.js]
[findrealestate.com/_next/static/chunks/9536-bb6e02fee2725720dbbc.js]
[findrealestate.com/_next/static/chunks/app/layout-afddd655165b81addbbc.js]
[findrealestate.com/_next/static/chunks/1207-c5b2738d9f9af787dbbc.js]
[findrealestate.com/_next/static/chunks/5697-0a3cbad00af0547adbbc.js]
[findrealestate.com/_next/static/chunks/7520-8bc82baf1b6e7d4fdbbc.js]
[findrealestate.com/_next/static/chunks/9073-23c869e7546049efdbbc.js]
[findrealestate.com/_next/static/chunks/4821-cb989de5c8b8cd44dbbc.js]
[findrealestate.com/_next/static/chunks/130-ea41097cd41e920cdbbc.js]
[findrealestate.com/_next/static/chunks/2619-b8db57ac19da49acdbbc.js]
[findrealestate.com/_next/static/chunks/1912-abfb749a7d02dd70dbbc.js]
[findrealestate.com/_next/static/chunks/6348-da34bed15522b681dbbc.js]
[findrealestate.com/_next/static/chunks/6965-41765bd5386722b0dbbc.js]
[findrealestate.com/_next/static/chunks/7805-aba9b133174d7b4adbbc.js]
[findrealestate.com/_next/static/chunks/6047-73eb21c8f9a95c59dbbc.js]
[findrealestate.com/_next/static/chunks/1324-b66115da95039158dbbc.js]
[findrealestate.com/_next/static/chunks/8314-504955a247f89bc8dbbc.js]
[findrealestate.com/_next/static/chunks/app/error-d0ab7092d8582c2bdbbc.js]
[findrealestate.com/_next/static/chunks/app/(home)/layout-d9e6b5e6f0b488b4dbbc.js]
[findrealestate.com/_next/static/chunks/app/(dark)/not-found-1bed8f4dd1c20c55dbbc.js]
[findrealestate.com/_next/static/chunks/app/(join-pro)/layout-56a1c9ec4197f56fdbbc.js]
[findrealestate.com/_next/static/chunks/8527-58232efc355e0f18dbbc.js]
[findrealestate.com/_next/static/chunks/8276-6483413b5a32d4badbbc.js]
[findrealestate.com/_next/static/chunks/7300-de0e9bdc43841de6dbbc.js]
[findrealestate.com/_next/static/chunks/7887-5ae8d1ef5143f522dbbc.js]
[findrealestate.com/_next/static/chunks/3677-311d860b167e68ffdbbc.js]
[findrealestate.com/_next/static/chunks/3070-f1c72743eb81cbb5dbbc.js]
[findrealestate.com/_next/static/chunks/870-37828cf45e6cd52fdbbc.js]
[findrealestate.com/_next/static/chunks/7707-41cdd6164e3db68adbbc.js]
[findrealestate.com/_next/static/chunks/app/(home)/page-1567c62ae8f44258dbbc.js]
[findrealestate.com/iconcdee.svg]
[findrealestate.com/_next/static/chunks/polyfills-42372ed130431b0adbbc.js]
[jagmedia1.airpear.net/Aptphotos/274266215_160_Cabrini_Blvd__127_S_001.jpg]
[jagmedia1.airpear.net/Aptphotos/363819605_160_Cabrini_Blvd__127_S_005.jpg]
[jagmedia1.airpear.net/Aptphotos/76806897_160_Cabrini_Blvd__127_S_006.jpg]
[jagmedia1.airpear.net/Aptphotos/183996432_10.png]
[jagmedia1.airpear.net/Aptphotos/82475049_160_Cabrini_Blvd__127_S_007.jpg]
[jagmedia1.airpear.net/Aptphotos/18379037_160_Cabrini_Blvd__127_S_008.jpg]
[jagmedia1.airpear.net/Aptphotos/143992110_160_Cabrini_Blvd__127_S_009.jpg]
[jagmedia1.airpear.net/Aptphotos/378245111_160_Cabrini_Blvd__127_S_010.jpg]
[jagmedia1.airpear.net/Aptphotos/79766494_8.png]
[jagmedia1.airpear.net/Aptphotos/48946342_Cabrini_Gym.jpeg]
[jagmedia1.airpear.net/Aptphotos/98136639_160_Cabrini_Blvd__127_S_011.jpg]
[jagmedia1.airpear.net/Aptphotos/291477761_Cabrini_Playground_.jpeg]
[jagmedia1.airpear.net/Aptphotos/312413273_Cabrini_Playground_2.jpeg]
[jagmedia1.airpear.net/Aptphotos/78938225_160_Cabrini_Blvd__127_S_013.jpg]
[jagmedia1.airpear.net/Aptphotos/244685224_160_Cabrini_Blvd__127_S_012.jpg]
[jagmedia1.airpear.net/Aptphotos/157043435_160_Cabrini_Blvd__127_S_014.jpg]
[corcjagmedia1.airpear.net/Aptphotos/384254848_0F2A3152_-_Web.jpg]
[corcjagmedia1.airpear.net/Aptphotos/306149639_0F2A3129_-_Web.jpg]
[corcjagmedia1.airpear.net/Aptphotos/90144401_0F2A3209_-_Web.jpg]
[corcjagmedia1.airpear.net/Aptphotos/165269206_0F2A3122_-_Web.jpg]
[corcjagmedia1.airpear.net/Aptphotos/300960423_0F2A3187_-_Web.jpg]
[corcjagmedia1.airpear.net/Aptphotos/94631875_0F2A3181_-_Web.jpg]
[corcjagmedia1.airpear.net/Aptphotos/293492544_0F2A3115_-_Web.jpg]
[corcjagmedia1.airpear.net/Aptphotos/126903693_0F2A3205_-_Web.jpg]
[corcjagmedia1.airpear.net/Aptphotos/95848667_e8e037d3064a5a8fbb19d6f769289d8b-se_extra_large_1500_800.jpg]
[corcjagmedia1.airpear.net/Aptphotos/67924213_947957eccd01822b79cd53d3c11f725c-se_extra_large_1500_800.jpg]
[corcjagmedia1.airpear.net/Aptphotos/168254410_529489e28b48da9e00342f4877b839fb-se_extra_large_1500_800.jpg]
[corcjagmedia1.airpear.net/Aptphotos/139040480_ee50987464ffb8d52bc5ca1144fe4e25-se_extra_large_1500_800.jpg]
[corcjagmedia1.airpear.net/Aptphotos/303466690_588a40cf3c98af67aea1ac59dbe42745-se_extra_large_1500_800.jpg]
[corcjagmedia1.airpear.net/Aptphotos/373262168_fc5d34a9103db65f7796830935a21919-se_extra_large_1500_800.jpg]
[corcjagmedia1.airpear.net/Aptphotos/118073654_8f5586fdeb41a5a3d9f37a80b91efbf8-se_extra_large_1500_800.jpg]
[corcjagmedia1.airpear.net/Aptphotos/288199330_bc139527af2804b96f52ec9632de987a-se_extra_large_1500_800.jpg]
[corcjagmedia1.airpear.net/Aptphotos/271246441_Emmitt-15_Renwick-Living_2-staged-MJ.jpg]
[corcjagmedia1.airpear.net/Aptphotos/360209019_Emmitt-15_Renwick-Dining_3_staged2_IK.jpg]
[corcjagmedia1.airpear.net/Aptphotos/790568_Emmitt-15_Renwick-Kids_Bedroom-staged-SA.jpg]
[corcjagmedia1.airpear.net/Aptphotos/367645584_Emmitt-15_Renwick-Primary_Bedroom-MS.jpg]
[corcjagmedia1.airpear.net/Aptphotos/274304328_Emmitt-15_Renwick-Second_Bedroom_staged_LK.jpg]
[corcjagmedia1.airpear.net/Aptphotos/160109844_0b0242a4bd9e35c2ffa8749d7f4b830b-se_extra_large_1500_800.jpg]
[corcjagmedia1.airpear.net/Aptphotos/59779647_158c541ab987677e829b75271c2e5ea3-se_extra_large_1500_800.jpg]
[corcjagmedia1.airpear.net/Aptphotos/2641263_f392d0800f8d10689f43efae9b2b248a-se_extra_large_1500_800.jpg]
[corcjagmedia1.airpear.net/Aptphotos/168419575_c0c73876e53cfc98aa2f3d26933c25c6-se_extra_large_1500_800.jpg]
[corcjagmedia1.airpear.net/Aptphotos/45833076_f725e58e70b16645c6d55f9a705a2bf4-se_extra_large_1500_800.jpg]
[corcjagmedia1.airpear.net/Aptphotos/202783865_ALE_6186_-_Web.jpg]
[corcjagmedia1.airpear.net/Aptphotos/20001094_ALE_6113_-_Web.jpg]
[corcjagmedia1.airpear.net/Aptphotos/213672547_ALE_6099_-_Web.jpg]
[corcjagmedia1.airpear.net/Aptphotos/139977328_ALE_6172_-_Web.jpg]
[corcjagmedia1.airpear.net/Aptphotos/82807631_ALE_6134_-_Web.jpg]
[corcjagmedia1.airpear.net/Aptphotos/378577693_ALE_6217_-_Web.jpg]
[corcjagmedia1.airpear.net/Aptphotos/106832344_ALE_6231_-_Web.jpg]
[corcjagmedia1.airpear.net/Aptphotos/311392479_ALE_6144_-_Web.jpg]
[corcjagmedia1.airpear.net/Aptphotos/178759151_ALE_6071_-_Web.jpg]
[corcjagmedia1.airpear.net/Aptphotos/150834697_ALE_6058_-_Web.jpg]
[corcjagmedia1.airpear.net/Aptphotos/91564985_ALE_6245_-_Web.jpg]
[corcjagmedia1.airpear.net/Aptphotos/66729732_ALE_6298_-_Web.jpg]
[corcjagmedia1.airpear.net/Aptphotos/13938712_ALE_6307_-_Web.jpg]
[corcjagmedia1.airpear.net/Aptphotos/207610164_ALE_6304_-_Web.jpg]
[corcjagmedia1.airpear.net/Aptphotos/385087698_ALE_6085_-_Web.jpg]
[corcjagmedia1.airpear.net/Aptphotos/309624067_ALE_6039_-_Web.jpg]
[media.elliman.com/01a048b5-17ac-7cfa-8c55-a43b1e981bb3.jpg]
[media.elliman.com/01a048b5-1a41-79a2-9c0e-0730578393da.jpg]
[media.elliman.com/01a048b5-1821-72ef-ae33-32884c5b318f.jpg]
[media.elliman.com/01a048b5-1a1a-77bb-96b0-b9825b112575.jpg]
[media.elliman.com/01a048b5-1a20-7c4e-b4c7-604ec23f76f0.jpg]
[media.elliman.com/01a048b5-1a42-76fb-a99f-a227086c4d20.jpg]
[media.elliman.com/01a048b5-1796-7524-b993-ca9d05eae917.jpg]
[media.bhsusa.com/pictures/23826678-1_l.jpg]
[media.bhsusa.com/pictures/23826678-2_l.jpg]
[media.bhsusa.com/pictures/23826678-3_l.jpg]
[media.bhsusa.com/pictures/23826678-4_l.jpg]
[media.bhsusa.com/pictures/23826678-5_l.jpg]
[media.bhsusa.com/pictures/23826678-6_l.jpg]
[media.bhsusa.com/pictures/23826678-7_l.jpg]
[media.elliman.com/01a054af-3463-74c4-b685-f28f3e43d347.jpg]
[media.elliman.com/01a054af-18ae-739b-bc2f-943c1bcb4bad.jpg]
[media.elliman.com/01a054af-380e-7d90-b1f3-423348a64830.jpg]
[media.elliman.com/01a054af-1ecc-73f4-93fc-6c866a05af3e.jpg]
[media.elliman.com/01a054af-1c25-770f-912e-4db7b0dbe3a4.jpg]
[media.elliman.com/01a054b3-06d6-7e71-98d6-3f2e0a252c65.jpg]
[media.elliman.com/01a054af-3076-7a3c-88d7-50fb7f8f1839.jpg]
[media.elliman.com/01a054af-24f8-7785-91e8-ecdc5f0431c6.jpg]
[media.elliman.com/01a054af-2ad5-7147-99e1-bcbe48957d9b.jpg]
[www.olr.com/Pictures/Interior_Photo/2199566_dd0d91e7-f1c7-45a8-a8a0-4a4e424bf1d0.jpg]
[www.olr.com/Pictures/Interior_Photo/2199566_548fac92-d84d-40bc-ab80-90f4b9e1715b.jpg]
[www.olr.com/Pictures/Interior_Photo/2199566_f82691ba-8643-41f6-8606-e00a4b514272.jpg]
[www.olr.com/Pictures/Interior_Photo/2199566_308799fc-064e-41a7-8dec-f15377dc7f88.jpg]
[www.olr.com/Pictures/Interior_Photo/2199566_0f9f3ad5-3981-466c-8eac-50aeae916722.jpg]
[www.olr.com/Pictures/Interior_Photo/2199566_cbb1468f-fa92-4acb-93e1-5f7ef6b52e65.jpg]
[www.olr.com/Pictures/Interior_Photo/2199566_7f73c1c9-6334-4604-8fbd-1e73d268380c.jpg]
[www.olr.com/Pictures/Interior_Photo/2199566_60f95919-35a8-4601-abb1-8d64a66eef61.jpg]
[www.olr.com/Pictures/Interior_Photo/2199566_06dbd685-162e-4f30-8f5e-ab6d58969c9e.jpg]
[www.olr.com/Pictures/Interior_Photo/2199566_c1be1d96-106a-45f5-acc6-f48abe021f20.jpg]
[www.olr.com/Pictures/Interior_Photo/2199566_538d5c4c-3d03-468a-aa2a-ce1471696b44.jpg]
[www.olr.com/Pictures/Interior_Photo/2199566_f907c469-07e8-40d4-af3d-9e5604f1ea08.jpg]
[media.bhsusa.com/pictures/24009978-1_l.jpg]
[media.bhsusa.com/pictures/24009978-2_l.jpg]
[media.bhsusa.com/pictures/24009978-3_l.jpg]
[media.bhsusa.com/pictures/24009978-4_l.jpg]
[media.bhsusa.com/pictures/24009978-5_l.jpg]
[media.bhsusa.com/pictures/24009978-6_l.jpg]
[media.bhsusa.com/pictures/24009978-7_l.jpg]
[media.bhsusa.com/pictures/24009978-8_l.jpg]
[media.bhsusa.com/pictures/24009978-9_l.jpg]
[media.bhsusa.com/pictures/24009978-10_l.jpg]
[media.bhsusa.com/pictures/24009978-11_l.jpg]
[media.bhsusa.com/pictures/24009978-12_l.jpg]
[media.bhsusa.com/pictures/24009978-13_l.jpg]
[findrealestate.com/search.html]
[findrealestate.com/_next/f657174b591453a32e5e829ff72b4bd0a472f61c81e0.jpg]
[findrealestate.com/_next/f657174b591453a32e5e829ff72b4bd0a472f61c261b.jpg]
[findrealestate.com/_next/f657174b591453a32e5e829ff72b4bd0a472f61c25fd.jpg]
[findrealestate.com/_next/f657174b591453a32e5e829ff72b4bd0a472f61c1acb.jpg]
[findrealestate.com/_next/f657174b591453a32e5e829ff72b4bd0a472f61c170a.jpg]
[findrealestate.com/_next/f657174b591453a32e5e829ff72b4bd0a472f61c18c3.jpg]
[findrealestate.com/_next/f657174b591453a32e5e829ff72b4bd0a472f61c55a6.jpg]
[onelinecrm-public-611280700572.s3.amazonaws.com/public/fe227d84-0622-11ef-ac8b-8692219fe2d2/ttucciarone@findrealestate.com/images/20260721_020220_ScreenShot2026-07-20at100206PM.png]
[onelinecrm-public-611280700572.s3.amazonaws.com/public/fe227d84-0622-11ef-ac8b-8692219fe2d2/ezabari@findrealestate.com/images/20260617_190745_ez.jpg]
[onelinecrm-public-611280700572.s3.amazonaws.com/public/fe227d84-0622-11ef-ac8b-8692219fe2d2/emona@opgny.com/images/20251111_084515_Olga.jpg]
[onelinecrm-public-611280700572.s3.amazonaws.com/public/fe227d84-0622-11ef-ac8b-8692219fe2d2/wafy@findrealestate.com/images/20260619_015551_IMG_8074.jpeg]
[findrealestate.com/agents.html]
[findrealestate.com/videos/find-about.mp4]
[findrealestate.com/_next/empowering-smef0c.jpg]
[findrealestate.com/_next/empowering-sm1ca9.jpg]
[findrealestate.com/_next/empowering-sm3bab.jpg]
[findrealestate.com/_next/empowering-sm1bfc.jpg]
[findrealestate.com/_next/empowering-smc82b.jpg]
[findrealestate.com/_next/empowering-sma3fc.jpg]
[findrealestate.com/_next/empowering-sm61ae.jpg]
[findrealestate.com/_next/empowering68ea.jpg]
[findrealestate.com/_next/empowering62b4.jpg]
[findrealestate.com/_next/empowering7234.jpg]
[findrealestate.com/_next/empowering148b.jpg]
[findrealestate.com/_next/empoweringa56f.jpg]
[findrealestate.com/_next/empowering445d.jpg]
[findrealestate.com/_next/empoweringe562.jpg]
[findrealestate.com/_next/d2a964ec34716a1d051234141b85b73353e67e2067f5.png]
[findrealestate.com/_next/d2a964ec34716a1d051234141b85b73353e67e209f21.png]
[findrealestate.com/_next/d2a964ec34716a1d051234141b85b73353e67e20a87a.png]
[findrealestate.com/_next/d2a964ec34716a1d051234141b85b73353e67e20f36c.png]
[findrealestate.com/_next/d2a964ec34716a1d051234141b85b73353e67e20f67d.png]
[findrealestate.com/_next/d2a964ec34716a1d051234141b85b73353e67e20a9c6.png]
[findrealestate.com/_next/d2a964ec34716a1d051234141b85b73353e67e20cb19.png]
[findrealestate.com/_next/amenities-and-services-1a902.jpg]
[findrealestate.com/_next/amenities-and-services-171e3.jpg]
[findrealestate.com/_next/amenities-and-services-157c9.jpg]
[findrealestate.com/_next/amenities-and-services-1ea0f.jpg]
[findrealestate.com/_next/amenities-and-services-10fcb.jpg]
[findrealestate.com/_next/amenities-and-services-1edb9.jpg]
[findrealestate.com/_next/amenities-and-services-1c23a.jpg]
[findrealestate.com/_next/amenities-and-services-2a559.png]
[findrealestate.com/_next/amenities-and-services-2c527.png]
[findrealestate.com/_next/amenities-and-services-289e4.png]
[findrealestate.com/_next/amenities-and-services-22809.png]
[findrealestate.com/_next/amenities-and-services-21677.png]
[findrealestate.com/_next/amenities-and-services-2b2e6.png]
[findrealestate.com/_next/amenities-and-services-2bdc0.png]
[findrealestate.com/_next/amenities-and-services-379c7.png]
[findrealestate.com/_next/amenities-and-services-371b3.png]
[findrealestate.com/_next/amenities-and-services-3c699.png]
[findrealestate.com/_next/amenities-and-services-30c21.png]
[findrealestate.com/_next/amenities-and-services-37a64.png]
[findrealestate.com/_next/amenities-and-services-363d4.png]
[findrealestate.com/_next/amenities-and-services-38c43.png]
[findrealestate.com/_next/office-18b66.jpg]
[findrealestate.com/_next/office-12046.jpg]
[findrealestate.com/_next/office-1e89c.jpg]
[findrealestate.com/_next/office-10a53.jpg]
[findrealestate.com/_next/office-1cd6b.jpg]
[findrealestate.com/_next/office-14084.jpg]
[findrealestate.com/_next/office-16c49.jpg]
[findrealestate.com/_next/office-25bcb.jpg]
[findrealestate.com/_next/office-2d00e.jpg]
[findrealestate.com/_next/office-2d885.jpg]
[findrealestate.com/_next/office-22e35.jpg]
[findrealestate.com/_next/office-235c8.jpg]
[findrealestate.com/_next/office-28624.jpg]
[findrealestate.com/_next/office-26c85.jpg]
[findrealestate.com/_next/offsitef189.png]
[findrealestate.com/_next/offsitea866.png]
[findrealestate.com/_next/offsite2cb9.png]
[findrealestate.com/_next/offsite64c2.png]
[findrealestate.com/_next/offsite8e86.png]
[findrealestate.com/_next/offsite400e.png]
[findrealestate.com/_next/offsitee822.png]
[findrealestate.com/_next/office-42b8a.jpg]
[findrealestate.com/_next/office-4b7f8.jpg]
[findrealestate.com/_next/office-40cee.jpg]
[findrealestate.com/_next/office-4f55f.jpg]
[findrealestate.com/_next/office-496c9.jpg]
[findrealestate.com/_next/office-40c92.jpg]
[findrealestate.com/_next/office-41c1e.jpg]
[findrealestate.com/_next/office-544e2.jpg]
[findrealestate.com/_next/office-5b54c.jpg]
[findrealestate.com/_next/office-5246a.jpg]
[findrealestate.com/_next/office-5fc5d.jpg]
[findrealestate.com/_next/office-5c3ac.jpg]
[findrealestate.com/_next/office-55eef.jpg]
[findrealestate.com/_next/office-5b6a9.jpg]
[findrealestate.com/_next/office-63f37.jpg]
[findrealestate.com/_next/office-63807.jpg]
[findrealestate.com/_next/office-61dad.jpg]
[findrealestate.com/_next/office-64a08.jpg]
[findrealestate.com/_next/office-63e2c.jpg]
[findrealestate.com/_next/office-6ee41.jpg]
[findrealestate.com/_next/office-6ca37.jpg]
[findrealestate.com/_next/9ecbd60fcea673377c761185aa2c9bbb0c9278f01f67.jpg]
[findrealestate.com/_next/9ecbd60fcea673377c761185aa2c9bbb0c9278f0c339.jpg]
[findrealestate.com/_next/9ecbd60fcea673377c761185aa2c9bbb0c9278f000a4.jpg]
[findrealestate.com/_next/9ecbd60fcea673377c761185aa2c9bbb0c9278f070f8.jpg]
[findrealestate.com/_next/9ecbd60fcea673377c761185aa2c9bbb0c9278f03450.jpg]
[findrealestate.com/_next/9ecbd60fcea673377c761185aa2c9bbb0c9278f0e0e9.jpg]
[findrealestate.com/_next/9ecbd60fcea673377c761185aa2c9bbb0c9278f0f0a9.jpg]
[findrealestate.com/_next/adam-mahfoudae9c3.jpg]
[findrealestate.com/_next/adam-mahfoudaa225.jpg]
[findrealestate.com/_next/adam-mahfouda8b6f.jpg]
[findrealestate.com/_next/adam-mahfouda2109.jpg]
[findrealestate.com/_next/adam-mahfouda159b.jpg]
[findrealestate.com/_next/adam-mahfouda0d38.jpg]
[findrealestate.com/_next/adam-mahfouda5851.jpg]
[findrealestate.com/_next/jules-borbelyc48c.jpg]
[findrealestate.com/_next/jules-borbelyf646.jpg]
[findrealestate.com/_next/jules-borbelybd71.jpg]
[findrealestate.com/_next/jules-borbely22cf.jpg]
[findrealestate.com/_next/jules-borbelyb1c3.jpg]
[findrealestate.com/_next/jules-borbely49f8.jpg]
[findrealestate.com/_next/jules-borbely4e0b.jpg]
[findrealestate.com/_next/dina-tango4000.jpg]
[findrealestate.com/_next/dina-tangod674.jpg]
[findrealestate.com/_next/dina-tangoa2be.jpg]
[findrealestate.com/_next/dina-tango39bd.jpg]
[findrealestate.com/_next/dina-tango9b87.jpg]
[findrealestate.com/_next/dina-tangod63c.jpg]
[findrealestate.com/_next/dina-tangoa364.jpg]
[findrealestate.com/_next/molly-concannonecb2.jpg]
[findrealestate.com/_next/molly-concannon08b6.jpg]
[findrealestate.com/_next/molly-concannon1e2c.jpg]
[findrealestate.com/_next/molly-concannon2d49.jpg]
[findrealestate.com/_next/molly-concannon5191.jpg]
[findrealestate.com/_next/molly-concannon3d30.jpg]
[findrealestate.com/_next/molly-concannone87b.jpg]
[findrealestate.com/_next/9cafe3a89bb38a5bf8e9cdb8d76ddf8467a336da8646.png]
[findrealestate.com/_next/9cafe3a89bb38a5bf8e9cdb8d76ddf8467a336da9c81.png]
[findrealestate.com/_next/9cafe3a89bb38a5bf8e9cdb8d76ddf8467a336dac4b2.png]
[findrealestate.com/_next/9cafe3a89bb38a5bf8e9cdb8d76ddf8467a336dad0a2.png]
[findrealestate.com/_next/9cafe3a89bb38a5bf8e9cdb8d76ddf8467a336daf6f0.png]
[findrealestate.com/_next/9cafe3a89bb38a5bf8e9cdb8d76ddf8467a336da6d48.png]
[findrealestate.com/_next/9cafe3a89bb38a5bf8e9cdb8d76ddf8467a336da3e87.png]
[findrealestate.com/_next/7b829344439c9e9e1e917cf4a33ba3d3da560c042727.png]
[findrealestate.com/_next/7b829344439c9e9e1e917cf4a33ba3d3da560c048871.png]
[findrealestate.com/_next/7b829344439c9e9e1e917cf4a33ba3d3da560c044368.png]
[findrealestate.com/_next/7b829344439c9e9e1e917cf4a33ba3d3da560c046655.png]
[findrealestate.com/_next/7b829344439c9e9e1e917cf4a33ba3d3da560c040eae.png]
[findrealestate.com/_next/7b829344439c9e9e1e917cf4a33ba3d3da560c042028.png]
[findrealestate.com/_next/7b829344439c9e9e1e917cf4a33ba3d3da560c042543.png]
[findrealestate.com/_next/e76163de426875a60744a9202e2aebc63622c290a7d8.png]
[findrealestate.com/_next/e76163de426875a60744a9202e2aebc63622c290be7a.png]
[findrealestate.com/_next/e76163de426875a60744a9202e2aebc63622c290ebdf.png]
[findrealestate.com/_next/e76163de426875a60744a9202e2aebc63622c290636c.png]
[findrealestate.com/_next/e76163de426875a60744a9202e2aebc63622c290c7be.png]
[findrealestate.com/_next/e76163de426875a60744a9202e2aebc63622c290c093.png]
[findrealestate.com/_next/e76163de426875a60744a9202e2aebc63622c2908d77.png]
[findrealestate.com/_next/c08f6c7b4affc97309ffa72c0a8095a599357bcd0fc5.png]
[findrealestate.com/_next/c08f6c7b4affc97309ffa72c0a8095a599357bcd2544.png]
[findrealestate.com/_next/c08f6c7b4affc97309ffa72c0a8095a599357bcdce0b.png]
[findrealestate.com/_next/c08f6c7b4affc97309ffa72c0a8095a599357bcd63db.png]
[findrealestate.com/_next/c08f6c7b4affc97309ffa72c0a8095a599357bcdaf75.png]
[findrealestate.com/_next/c08f6c7b4affc97309ffa72c0a8095a599357bcd10b1.png]
[findrealestate.com/_next/c08f6c7b4affc97309ffa72c0a8095a599357bcdcba9.png]
[findrealestate.com/_next/d506009e6140d2d976f4b92549dd694efb5acaa0b060.png]
[findrealestate.com/_next/d506009e6140d2d976f4b92549dd694efb5acaa04e5f.png]
[findrealestate.com/_next/d506009e6140d2d976f4b92549dd694efb5acaa087f4.png]
[findrealestate.com/_next/d506009e6140d2d976f4b92549dd694efb5acaa0251d.png]
[findrealestate.com/_next/d506009e6140d2d976f4b92549dd694efb5acaa03f97.png]
[findrealestate.com/_next/d506009e6140d2d976f4b92549dd694efb5acaa0b6fc.png]
[findrealestate.com/_next/d506009e6140d2d976f4b92549dd694efb5acaa0682e.png]
[findrealestate.com/_next/c90f0563c776e5209d25d4e6f5410ce69caa1cc6fb6a.jpg]
[findrealestate.com/_next/c90f0563c776e5209d25d4e6f5410ce69caa1cc6c823.jpg]
[findrealestate.com/_next/c90f0563c776e5209d25d4e6f5410ce69caa1cc63237.jpg]
[findrealestate.com/_next/c90f0563c776e5209d25d4e6f5410ce69caa1cc69045.jpg]
[findrealestate.com/_next/c90f0563c776e5209d25d4e6f5410ce69caa1cc6289e.jpg]
[findrealestate.com/_next/c90f0563c776e5209d25d4e6f5410ce69caa1cc6e07d.jpg]
[findrealestate.com/_next/c90f0563c776e5209d25d4e6f5410ce69caa1cc68048.jpg]
[findrealestate.com/_next/21313278607041.png]
[findrealestate.com/_next/21313278607bf8.png]
[findrealestate.com/_next/21313278602705.png]
[findrealestate.com/_next/21313278600f79.png]
[findrealestate.com/_next/2131327860a1b5.png]
[findrealestate.com/_next/21313278603997.png]
[findrealestate.com/_next/2131327860292f.png]
[findrealestate.com/join.html]
[findrealestate.com/_next/4e9ab250c1a86b850ef1dc08987ee1c2e196ef66d235.jpg]
[findrealestate.com/_next/4e9ab250c1a86b850ef1dc08987ee1c2e196ef6681a2.jpg]
[findrealestate.com/_next/4e9ab250c1a86b850ef1dc08987ee1c2e196ef66d080.jpg]
[findrealestate.com/_next/4e9ab250c1a86b850ef1dc08987ee1c2e196ef66ad43.jpg]
[findrealestate.com/_next/4e9ab250c1a86b850ef1dc08987ee1c2e196ef66b33b.jpg]
[findrealestate.com/_next/4e9ab250c1a86b850ef1dc08987ee1c2e196ef66df45.jpg]
[findrealestate.com/_next/4e9ab250c1a86b850ef1dc08987ee1c2e196ef66ce84.jpg]
[findrealestate.com/_next/explore39f2.jpg]
[findrealestate.com/_next/explore8866.jpg]
[findrealestate.com/_next/explore6c4c.jpg]
[findrealestate.com/_next/exploreacac.jpg]
[findrealestate.com/_next/explore3ce7.jpg]
[findrealestate.com/_next/explore7c91.jpg]
[findrealestate.com/_next/explore71e7.jpg]
[findrealestate.com/services.html]
[fresh-boot-3c0a0dc212.media.strapiapp.com/pexels_jill_2062386_812edeba99.jpg]
[fresh-boot-3c0a0dc212.media.strapiapp.com/businesswomen_talking_walking_together_city_b99be30d39.jpg]
[fresh-boot-3c0a0dc212.media.strapiapp.com/Thumbnail_83a7c57770.png]
[fresh-boot-3c0a0dc212.media.strapiapp.com/pexels_gustavo_fring_7489099_74c281f84c.jpg]
[fresh-boot-3c0a0dc212.media.strapiapp.com/Thumbnail_7ca3fe103d.png]
[fresh-boot-3c0a0dc212.media.strapiapp.com/pexels_nicole_michalou_5779176_8c574f7462.jpg]
[fresh-boot-3c0a0dc212.media.strapiapp.com/large_pexels_jill_2062386_812edeba99.jpg]
[fresh-boot-3c0a0dc212.media.strapiapp.com/small_pexels_jill_2062386_812edeba99.jpg]
[fresh-boot-3c0a0dc212.media.strapiapp.com/medium_pexels_jill_2062386_812edeba99.jpg]
[fresh-boot-3c0a0dc212.media.strapiapp.com/thumbnail_pexels_jill_2062386_812edeba99.jpg]
[fresh-boot-3c0a0dc212.media.strapiapp.com/large_businesswomen_talking_walking_together_city_b99be30d39.jpg]
[fresh-boot-3c0a0dc212.media.strapiapp.com/small_businesswomen_talking_walking_together_city_b99be30d39.jpg]
[fresh-boot-3c0a0dc212.media.strapiapp.com/medium_businesswomen_talking_walking_together_city_b99be30d39.jpg]
[fresh-boot-3c0a0dc212.media.strapiapp.com/thumbnail_businesswomen_talking_walking_together_city_b99be30d39.jpg]
[fresh-boot-3c0a0dc212.media.strapiapp.com/large_Thumbnail_83a7c57770.png]
[fresh-boot-3c0a0dc212.media.strapiapp.com/small_Thumbnail_83a7c57770.png]
[fresh-boot-3c0a0dc212.media.strapiapp.com/medium_Thumbnail_83a7c57770.png]
[fresh-boot-3c0a0dc212.media.strapiapp.com/thumbnail_Thumbnail_83a7c57770.png]
[fresh-boot-3c0a0dc212.media.strapiapp.com/large_Poster_5f73578e77.png]
[fresh-boot-3c0a0dc212.media.strapiapp.com/small_Poster_5f73578e77.png]
[fresh-boot-3c0a0dc212.media.strapiapp.com/medium_Poster_5f73578e77.png]
[fresh-boot-3c0a0dc212.media.strapiapp.com/thumbnail_Poster_5f73578e77.png]
[fresh-boot-3c0a0dc212.media.strapiapp.com/Poster_5f73578e77.png]
[fresh-boot-3c0a0dc212.media.strapiapp.com/large_pexels_gustavo_fring_7489099_74c281f84c.jpg]
[fresh-boot-3c0a0dc212.media.strapiapp.com/small_pexels_gustavo_fring_7489099_74c281f84c.jpg]
[fresh-boot-3c0a0dc212.media.strapiapp.com/medium_pexels_gustavo_fring_7489099_74c281f84c.jpg]
[fresh-boot-3c0a0dc212.media.strapiapp.com/thumbnail_pexels_gustavo_fring_7489099_74c281f84c.jpg]
[fresh-boot-3c0a0dc212.media.strapiapp.com/large_Thumbnail_7ca3fe103d.png]
[fresh-boot-3c0a0dc212.media.strapiapp.com/small_Thumbnail_7ca3fe103d.png]
[fresh-boot-3c0a0dc212.media.strapiapp.com/medium_Thumbnail_7ca3fe103d.png]
[fresh-boot-3c0a0dc212.media.strapiapp.com/thumbnail_Thumbnail_7ca3fe103d.png]
[fresh-boot-3c0a0dc212.media.strapiapp.com/large_Poster_8127242438.png]
[fresh-boot-3c0a0dc212.media.strapiapp.com/small_Poster_8127242438.png]
[fresh-boot-3c0a0dc212.media.strapiapp.com/medium_Poster_8127242438.png]
[fresh-boot-3c0a0dc212.media.strapiapp.com/thumbnail_Poster_8127242438.png]
[fresh-boot-3c0a0dc212.media.strapiapp.com/Poster_8127242438.png]
[fresh-boot-3c0a0dc212.media.strapiapp.com/large_pexels_nicole_michalou_5779176_8c574f7462.jpg]
[fresh-boot-3c0a0dc212.media.strapiapp.com/small_pexels_nicole_michalou_5779176_8c574f7462.jpg]
[fresh-boot-3c0a0dc212.media.strapiapp.com/medium_pexels_nicole_michalou_5779176_8c574f7462.jpg]
[fresh-boot-3c0a0dc212.media.strapiapp.com/thumbnail_pexels_nicole_michalou_5779176_8c574f7462.jpg]
[findrealestate.com/blog.html]
[findrealestate.com/blog/what-it-really-costs-to-live-in-harry-styles-neighborhood.html]
[findrealestate.com/blog/Q1-2026-NYC-Market-Report.html]
[fresh-boot-3c0a0dc212.media.strapiapp.com/Screenshot_2026_04_01_at_4_33_48_AM_542d086798.png]
[fresh-boot-3c0a0dc212.media.strapiapp.com/thumbnail_Screenshot_2026_04_01_at_4_33_48_AM_542d086798.png]
[fresh-boot-3c0a0dc212.media.strapiapp.com/small_Screenshot_2026_04_01_at_4_33_48_AM_542d086798.png]
[fresh-boot-3c0a0dc212.media.strapiapp.com/medium_Screenshot_2026_04_01_at_4_33_48_AM_542d086798.png]
[fresh-boot-3c0a0dc212.media.strapiapp.com/large_Screenshot_2026_04_01_at_4_33_48_AM_542d086798.png]
[fresh-boot-3c0a0dc212.media.strapiapp.com/Screenshot_2026_04_01_at_4_39_33_AM_8f710a75d3.png]
[fresh-boot-3c0a0dc212.media.strapiapp.com/thumbnail_Screenshot_2026_04_01_at_4_39_33_AM_8f710a75d3.png]
[fresh-boot-3c0a0dc212.media.strapiapp.com/small_Screenshot_2026_04_01_at_4_39_33_AM_8f710a75d3.png]
[fresh-boot-3c0a0dc212.media.strapiapp.com/medium_Screenshot_2026_04_01_at_4_39_33_AM_8f710a75d3.png]
[fresh-boot-3c0a0dc212.media.strapiapp.com/large_Screenshot_2026_04_01_at_4_39_33_AM_8f710a75d3.png]
[findrealestate.com/blog/blog-post-1.html]
[findrealestate.com/_next/08fa0accac8917edbe7d6f66dd3da19be9064b9c3d17.png]
[findrealestate.com/_next/08fa0accac8917edbe7d6f66dd3da19be9064b9c5195.png]
[findrealestate.com/_next/08fa0accac8917edbe7d6f66dd3da19be9064b9c7c36.png]
[findrealestate.com/_next/08fa0accac8917edbe7d6f66dd3da19be9064b9c49d7.png]
[findrealestate.com/_next/08fa0accac8917edbe7d6f66dd3da19be9064b9c245b.png]
[findrealestate.com/_next/08fa0accac8917edbe7d6f66dd3da19be9064b9c9b05.png]
[findrealestate.com/_next/08fa0accac8917edbe7d6f66dd3da19be9064b9c426a.png]
[findrealestate.com/_next/7b829344439c9e9e1e917cf4a33ba3d3da560c049a6f.png]
[findrealestate.com/_next/7b829344439c9e9e1e917cf4a33ba3d3da560c047717.png]
[findrealestate.com/_next/7b829344439c9e9e1e917cf4a33ba3d3da560c049b43.png]
[findrealestate.com/_next/7b829344439c9e9e1e917cf4a33ba3d3da560c044eb2.png]
[findrealestate.com/_next/7b829344439c9e9e1e917cf4a33ba3d3da560c04cc75.png]
[findrealestate.com/_next/7b829344439c9e9e1e917cf4a33ba3d3da560c041fc9.png]
[findrealestate.com/_next/7b829344439c9e9e1e917cf4a33ba3d3da560c04e720.png]
[findrealestate.com/_next/jamie-sittner071d.png]
[findrealestate.com/_next/jamie-sittnerb1b7.png]
[findrealestate.com/_next/jamie-sittner73e5.png]
[findrealestate.com/_next/jamie-sittner78c3.png]
[findrealestate.com/_next/jamie-sittnerb30e.png]
[findrealestate.com/_next/jamie-sittnera5ac.png]
[findrealestate.com/_next/jamie-sittnerc9bc.png]
[findrealestate.com/_next/casey-gaddybe45.png]
[findrealestate.com/_next/casey-gaddye348.png]
[findrealestate.com/_next/casey-gaddy3ead.png]
[findrealestate.com/_next/casey-gaddy184e.png]
[findrealestate.com/_next/casey-gaddy7b55.png]
[findrealestate.com/_next/casey-gaddy4c2f.png]
[findrealestate.com/_next/casey-gaddy4d94.png]
[findrealestate.com/_next/dimitar-nikolov5b75.png]
[findrealestate.com/_next/dimitar-nikolovdcf9.png]
[findrealestate.com/_next/dimitar-nikolova001.png]
[findrealestate.com/_next/dimitar-nikolova946.png]
[findrealestate.com/_next/dimitar-nikolovb4e5.png]
[findrealestate.com/_next/dimitar-nikolovb423.png]
[findrealestate.com/_next/dimitar-nikolove955.png]
[findrealestate.com/_next/edon-mustafad48e.png]
[findrealestate.com/_next/edon-mustafab090.png]
[findrealestate.com/_next/edon-mustafaed2e.png]
[findrealestate.com/_next/edon-mustafae780.png]
[findrealestate.com/_next/edon-mustafa250c.png]
[findrealestate.com/_next/edon-mustafadaf8.png]
[findrealestate.com/_next/edon-mustafaa7c1.png]
[findrealestate.com/_next/erisa-jakupi-vocaa075.png]
[findrealestate.com/_next/erisa-jakupi-vocaeb00.png]
[findrealestate.com/_next/erisa-jakupi-voca9975.png]
[findrealestate.com/_next/erisa-jakupi-vocad741.png]
[findrealestate.com/_next/erisa-jakupi-vocac46a.png]
[findrealestate.com/_next/erisa-jakupi-vocabf62.png]
[findrealestate.com/_next/erisa-jakupi-vocaf953.png]
[findrealestate.com/_next/adea-fejzaaee2.png]
[findrealestate.com/_next/adea-fejzaa4f9.png]
[findrealestate.com/_next/adea-fejza54b5.png]
[findrealestate.com/_next/adea-fejza0f47.png]
[findrealestate.com/_next/adea-fejza80d0.png]
[findrealestate.com/_next/adea-fejzaabed.png]
[findrealestate.com/_next/adea-fejzad42d.png]
[findrealestate.com/_next/agnesa-eshrefi1ce5.png]
[findrealestate.com/_next/agnesa-eshrefi3d97.png]
[findrealestate.com/_next/agnesa-eshrefi2b50.png]
[findrealestate.com/_next/agnesa-eshrefi9734.png]
[findrealestate.com/_next/agnesa-eshrefie5ae.png]
[findrealestate.com/_next/agnesa-eshrefid4d3.png]
[findrealestate.com/_next/agnesa-eshrefi86e4.png]
[findrealestate.com/_next/albina-ibrahimiac48.png]
[findrealestate.com/_next/albina-ibrahimicc55.png]
[findrealestate.com/_next/albina-ibrahimi2103.png]
[findrealestate.com/_next/albina-ibrahimi3616.png]
[findrealestate.com/_next/albina-ibrahimiee96.png]
[findrealestate.com/_next/albina-ibrahimi6e85.png]
[findrealestate.com/_next/albina-ibrahimi816f.png]
[findrealestate.com/_next/albinot-blakcorrifefb.png]
[findrealestate.com/_next/albinot-blakcorrif886.png]
[findrealestate.com/_next/albinot-blakcorricef2.png]
[findrealestate.com/_next/albinot-blakcorrifd9f.png]
[findrealestate.com/_next/albinot-blakcorri5e70.png]
[findrealestate.com/_next/albinot-blakcorri12b1.png]
[findrealestate.com/_next/albinot-blakcorrib8cf.png]
[findrealestate.com/_next/dardan-sokolifb95.png]
[findrealestate.com/_next/dardan-sokoli0f68.png]
[findrealestate.com/_next/dardan-sokoli3e9f.png]
[findrealestate.com/_next/dardan-sokoli9c5f.png]
[findrealestate.com/_next/dardan-sokoli3805.png]
[findrealestate.com/_next/dardan-sokoliaec3.png]
[findrealestate.com/_next/dardan-sokoli62d3.png]
[findrealestate.com/_next/diellza-salicanad207.png]
[findrealestate.com/_next/diellza-salicanadca5.png]
[findrealestate.com/_next/diellza-salicana970d.png]
[findrealestate.com/_next/diellza-salicana2363.png]
[findrealestate.com/_next/diellza-salicanabd42.png]
[findrealestate.com/_next/diellza-salicana82af.png]
[findrealestate.com/_next/diellza-salicana32d4.png]
[findrealestate.com/_next/emona-shehuf083.png]
[findrealestate.com/_next/emona-shehu953b.png]
[findrealestate.com/_next/emona-shehueee4.png]
[findrealestate.com/_next/emona-shehu641f.png]
[findrealestate.com/_next/emona-shehuaf28.png]
[findrealestate.com/_next/emona-shehu9e98.png]
[findrealestate.com/_next/emona-shehuc9ca.png]
[findrealestate.com/_next/florent-kuci0a13.png]
[findrealestate.com/_next/florent-kuci2aa2.png]
[findrealestate.com/_next/florent-kuci339a.png]
[findrealestate.com/_next/florent-kuci1a0b.png]
[findrealestate.com/_next/florent-kucibc12.png]
[findrealestate.com/_next/florent-kucic0b0.png]
[findrealestate.com/_next/florent-kuci1a6f.png]
[findrealestate.com/_next/genita-rexhepid939.png]
[findrealestate.com/_next/genita-rexhepi13af.png]
[findrealestate.com/_next/genita-rexhepi8836.png]
[findrealestate.com/_next/genita-rexhepi2836.png]
[findrealestate.com/_next/genita-rexhepi647e.png]
[findrealestate.com/_next/genita-rexhepiacae.png]
[findrealestate.com/_next/genita-rexhepic9b6.png]
[findrealestate.com/_next/gresa-lecid1f4.png]
[findrealestate.com/_next/gresa-leci772f.png]
[findrealestate.com/_next/gresa-leci66dc.png]
[findrealestate.com/_next/gresa-lecid4a9.png]
[findrealestate.com/_next/gresa-leci14e3.png]
[findrealestate.com/_next/gresa-leci44ec.png]
[findrealestate.com/_next/gresa-leci2fe1.png]
[findrealestate.com/_next/pellumb-hajdaria9eb.png]
[findrealestate.com/_next/pellumb-hajdari50ea.png]
[findrealestate.com/_next/pellumb-hajdaricbf3.png]
[findrealestate.com/_next/pellumb-hajdari51f8.png]
[findrealestate.com/_next/pellumb-hajdarif6b9.png]
[findrealestate.com/_next/pellumb-hajdari6f63.png]
[findrealestate.com/_next/pellumb-hajdari36c3.png]
[findrealestate.com/videos/find-about-2.mp4]
[findrealestate.com/_next/556853ffc29cc366e1542d9cabf2d713f01a5d338932.jpg]
[findrealestate.com/_next/22066e07d6fde7fcc460f643ff71db942e26eae6f306.jpg]
[findrealestate.com/_next/f117144b5c18b9a4b3d626f72d2de0d497536967913b.jpg]
[findrealestate.com/_next/64dcd3d9d50f331b4653a167aa241a606371cd2232d7.jpg]
[findrealestate.com/_next/8800b14f1fb6ef7026605c1b44222820b61276ce2ffb.jpg]
[findrealestate.com/about.html]
[findrealestate.com/terms-of-service.html]
[findrealestate.com/privacy-policy.html]
[findrealestate.com/disabilities-disclosure.html]
[findrealestate.com/operating-procedure.html]
[fresh-boot-3c0a0dc212.media.strapiapp.com/Screenshot_2026_01_04_at_16_37_08_dfe379afee.png]
[fresh-boot-3c0a0dc212.media.strapiapp.com/large_Screenshot_2026_01_04_at_16_37_08_dfe379afee.png]
[fresh-boot-3c0a0dc212.media.strapiapp.com/small_Screenshot_2026_01_04_at_16_37_08_dfe379afee.png]
[fresh-boot-3c0a0dc212.media.strapiapp.com/medium_Screenshot_2026_01_04_at_16_37_08_dfe379afee.png]
[fresh-boot-3c0a0dc212.media.strapiapp.com/thumbnail_Screenshot_2026_01_04_at_16_37_08_dfe379afee.png]
[findrealestate.com/press-and-media.html]
[findrealestate.com/static/chunks/404dbbc]
[findrealestate.com/static/chunks/404dbbc-2]
[findrealestate.com/static/chunks/404dbbc-3]
[findrealestate.com/static/chunks/404dbbc-4]
[findrealestate.com/static/chunks/404dbbc-5]
[findrealestate.com/static/chunks/404dbbc-6]
[findrealestate.com/static/chunks/404dbbc-7]
[findrealestate.com/static/chunks/404dbbc-8]
[findrealestate.com/static/chunks/404dbbc-9]
[findrealestate.com/static/chunks/404dbbc-10]
[findrealestate.com/static/chunks/404dbbc-11]
[findrealestate.com/static/chunks/404dbbc-12]
[findrealestate.com/static/chunks/404dbbc-13]
[findrealestate.com/static/chunks/404dbbc-14]
[findrealestate.com/static/chunks/404dbbc-15]
[findrealestate.com/static/chunks/404dbbc-16]
[findrealestate.com/static/chunks/404dbbc-17]
[findrealestate.com/static/chunks/404dbbc-18]
[findrealestate.com/static/chunks/404dbbc-19]
[www.googletagmanager.com/gtm5445.html]
[findrealestate.com/_next/static/css/c7661fc68b4af3d0dbbc.css]
[findrealestate.com/static/chunks/404dbbc-20]
[findrealestate.com/static/chunks/404dbbc-21]
[findrealestate.com/static/chunks/404dbbc-22]
[findrealestate.com/static/chunks/404dbbc-23]
[findrealestate.com/static/chunks/404dbbc-24]
[findrealestate.com/static/chunks/404dbbc-25]
[findrealestate.com/static/chunks/404dbbc-26]
[findrealestate.com/static/chunks/404dbbc-27]
[findrealestate.com/_next/static/css/a58f3492ffe40ea0dbbc.css]
[findrealestate.com/_next/static/css/9944a6ac1d6e2523dbbc.css]
[findrealestate.com/_next/static/css/dac5ea3fa1a02d41dbbc.css]
[findrealestate.com/_next/static/css/43d3cdcd21c4d695dbbc.css]
[findrealestate.com/_next/static/css/a4f76554e815c580dbbc.css]
[findrealestate.com/_next/static/css/3b262c590be001d5dbbc.css]
[findrealestate.com/_next/static/css/0fd1483d2f6acabfdbbc.css]
[findrealestate.com/_next/static/chunks/1940-ae9860e4dd907c82dbbc.js]
[findrealestate.com/_next/static/chunks/9840-832548391c9b6f91dbbc.js]
[findrealestate.com/_next/static/chunks/4957-506b0d3ce404d682dbbc.js]
[findrealestate.com/_next/static/chunks/6472-d8792e15ac60ba11dbbc.js]
[findrealestate.com/_next/static/chunks/5206-542bd5d2ec0fbbf8dbbc.js]
[findrealestate.com/_next/static/chunks/3340-07ebf8187711fef2dbbc.js]
[findrealestate.com/_next/static/chunks/app/(light)/search/page-5b3ba3c0859864c5dbbc.js]
[findrealestate.com/static/chunks/404dbbc-28]
[findrealestate.com/static/chunks/404dbbc-29]
[findrealestate.com/static/chunks/404dbbc-30]
[findrealestate.com/static/chunks/404dbbc-31]
[findrealestate.com/static/chunks/404dbbc-32]
[findrealestate.com/static/chunks/404dbbc-33]
[media.elliman.com/01a06008-9430-73f1-b143-d878a6bd9d6e.jpg]
[media.elliman.com/01a06008-914d-74a8-83bc-761a3c9f2f48.jpg]
[media.elliman.com/01a06008-f415-72f2-aeb5-18401660641e.jpg]
[media.elliman.com/01a06008-f532-785b-8ea2-443fdd62a1bc.jpg]
[media.elliman.com/01a06008-f6ee-7ab4-bc16-26476a03b06c.jpg]
[findrealestate.com/_next/static/css/7ded034bb20f3b45dbbc.css]
[findrealestate.com/_next/static/css/b81765620eb08c80dbbc.css]
[findrealestate.com/_next/static/css/13a7aa8b5e9c64f9dbbc.css]
[findrealestate.com/_next/static/chunks/7330-9ef3fde29fac2479dbbc.js]
[findrealestate.com/_next/static/chunks/app/(light)/agents/page-3159b6c7368fbe49dbbc.js]
[findrealestate.com/static/chunks/404dbbc-34]
[onelinecrm-public-611280700572.s3.amazonaws.com/public/fe227d84-0622-11ef-ac8b-8692219fe2d2/edon@opgny.com/images/20251003_192738_jamie-sittner (1).jpg]
[onelinecrm-public-611280700572.s3.amazonaws.com/public/fe227d84-0622-11ef-ac8b-8692219fe2d2/jreamer@findrealestate.com/images/20250730_170356_6deef0b4-3abd-4055-93a4-c9e5b11b6e44.png.jpg]
[onelinecrm-public-611280700572.s3.amazonaws.com/public/fe227d84-0622-11ef-ac8b-8692219fe2d2/jules@findrealestate.com/images/jules-borbely.jpeg]
[onelinecrm-public-611280700572.s3.amazonaws.com/public/fe227d84-0622-11ef-ac8b-8692219fe2d2/rohare@findrealestate.com/images/ryan-ohare.jpeg]
[onelinecrm-public-611280700572.s3.amazonaws.com/public/fe227d84-0622-11ef-ac8b-8692219fe2d2/ttyler@findrealestate.com/images/timothy-tyler.jpg]
[onelinecrm-public-611280700572.s3.amazonaws.com/public/fe227d84-0622-11ef-ac8b-8692219fe2d2/jkoenig@findrealestate.com/images/jodi-a-koenig.jpg]
[onelinecrm-public-611280700572.s3.amazonaws.com/public/fe227d84-0622-11ef-ac8b-8692219fe2d2/emona@opgny.com/images/20250917_145205_Untitled design (8).jpg]
[onelinecrm-public-611280700572.s3.amazonaws.com/public/fe227d84-0622-11ef-ac8b-8692219fe2d2/mfaraone@findrealestate.com/images/maximilian-faraone.jpeg]
[onelinecrm-public-611280700572.s3.amazonaws.com/public/fe227d84-0622-11ef-ac8b-8692219fe2d2/pbott@findrealestate.com/images/paul-bott.jpeg]
[onelinecrm-public-611280700572.s3.amazonaws.com/public/fe227d84-0622-11ef-ac8b-8692219fe2d2/avi@findrealestate.com/images/avi-baron-cpa.jpg]
[onelinecrm-public-611280700572.s3.amazonaws.com/public/fe227d84-0622-11ef-ac8b-8692219fe2d2/jasuncion@findrealestate.com/images/20251015_092103_johnmurphy-1.jpg]
[onelinecrm-public-611280700572.s3.amazonaws.com/public/fe227d84-0622-11ef-ac8b-8692219fe2d2/annie@findrealestate.com/images/sungae-annie-kim.jpg]
[onelinecrm-public-611280700572.s3.amazonaws.com/public/fe227d84-0622-11ef-ac8b-8692219fe2d2/alfred@findrealestate.com/images/alfred-doci.jpg]
[onelinecrm-public-611280700572.s3.amazonaws.com/public/fe227d84-0622-11ef-ac8b-8692219fe2d2/jasuncion@findrealestate.com/images/20251015_090514_Martina.jpg]
[onelinecrm-public-611280700572.s3.amazonaws.com/public/fe227d84-0622-11ef-ac8b-8692219fe2d2/cici@findrealestate.com/images/yuan-cici-cao.jpg]
[onelinecrm-public-611280700572.s3.amazonaws.com/public/fe227d84-0622-11ef-ac8b-8692219fe2d2/ndelon@findrealestate.com/images/nicoletta-delon.jpg]
[onelinecrm-public-611280700572.s3.amazonaws.com/public/fe227d84-0622-11ef-ac8b-8692219fe2d2/uzi@findrealestate.com/images/uzi-ben-david.jpg]
[onelinecrm-public-611280700572.s3.amazonaws.com/public/fe227d84-0622-11ef-ac8b-8692219fe2d2/ofera@findrealestate.com/images/ofer-avital.jpg]
[onelinecrm-public-611280700572.s3.amazonaws.com/public/fe227d84-0622-11ef-ac8b-8692219fe2d2/pbaez@findrealestate.com/images/paola-baez.jpg]
[onelinecrm-public-611280700572.s3.amazonaws.com/public/fe227d84-0622-11ef-ac8b-8692219fe2d2/emona@opgny.com/images/20251209_185128_Avatar-03 (2).jpg]
[onelinecrm-public-611280700572.s3.amazonaws.com/public/fe227d84-0622-11ef-ac8b-8692219fe2d2/dkelly@findrealestate.com/images/20250901_110502_IMG_2383.jpg]
[onelinecrm-public-611280700572.s3.amazonaws.com/public/fe227d84-0622-11ef-ac8b-8692219fe2d2/ytomizawa@findrealestate.com/images/yukiko-tomizawa.jpg]
[onelinecrm-public-611280700572.s3.amazonaws.com/public/fe227d84-0622-11ef-ac8b-8692219fe2d2/emona@opgny.com/images/20251111_084731_Untitled design - 2025-11-11T034829.040.jpg]
[onelinecrm-public-611280700572.s3.amazonaws.com/public/fe227d84-0622-11ef-ac8b-8692219fe2d2/jforero@findrealestate.com/images/fernando-j-forero.jpg]
[findrealestate.com/_next/static/css/9c5d433454f0ca44dbbc.css]
[findrealestate.com/_next/static/css/dd4863fb7606b364dbbc.css]
[findrealestate.com/_next/static/css/7d69e0841723b304dbbc.css]
[findrealestate.com/_next/static/css/0ef050fd06155c08dbbc.css]
[findrealestate.com/_next/static/css/90ade6de4a47d3f6dbbc.css]
[findrealestate.com/_next/static/chunks/241-c53dd7623787cb50dbbc.js]
[findrealestate.com/_next/static/chunks/8562-a051b8b7ebd4aea1dbbc.js]
[findrealestate.com/_next/static/chunks/1445-843ffac743383735dbbc.js]
[findrealestate.com/_next/static/chunks/9607-4a27bc052d5e12a1dbbc.js]
[findrealestate.com/_next/static/chunks/app/(dark)/join/page-dfd7255a92052d84dbbc.js]
[findrealestate.com/static/chunks/404dbbc-35]
[findrealestate.com/static/chunks/404dbbc-36]
[findrealestate.com/static/chunks/404dbbc-37]
[findrealestate.com/static/chunks/404dbbc-38]
[findrealestate.com/_next/static/css/8c62c763d99988d5dbbc.css]
[findrealestate.com/_next/static/css/1c028ad7b37a4882dbbc.css]
[findrealestate.com/_next/static/css/23a81e2004653821dbbc.css]
[findrealestate.com/_next/static/css/bc7e2285d5c0793cdbbc.css]
[findrealestate.com/_next/static/chunks/app/(light)/services/page-ff128958454bba2bdbbc.js]
[findrealestate.com/_next/static/css/dc076e2b3091b041dbbc.css]
[findrealestate.com/_next/static/css/84461aa051d4f5badbbc.css]
[findrealestate.com/_next/static/css/fac5c2ce875ebfaedbbc.css]
[findrealestate.com/_next/static/chunks/7264-c6a0d30c55490cc7dbbc.js]
[findrealestate.com/_next/static/chunks/6582-bc7101b742b3ee6ddbbc.js]
[findrealestate.com/_next/static/chunks/5269-f3cbc59b06bf46e5dbbc.js]
[findrealestate.com/_next/static/chunks/app/(light)/blog/page-8f6d186e66866e5adbbc.js]
[fresh-boot-3c0a0dc212.media.strapiapp.com/Screenshot_2026_06_18_at_12_57_00_PM_8743fc49ed.png]
[fresh-boot-3c0a0dc212.media.strapiapp.com/thumbnail_Screenshot_2026_06_18_at_12_57_00_PM_8743fc49ed.png]
[fresh-boot-3c0a0dc212.media.strapiapp.com/small_Screenshot_2026_06_18_at_12_57_00_PM_8743fc49ed.png]
[fresh-boot-3c0a0dc212.media.strapiapp.com/medium_Screenshot_2026_06_18_at_12_57_00_PM_8743fc49ed.png]
[fresh-boot-3c0a0dc212.media.strapiapp.com/large_Screenshot_2026_06_18_at_12_57_00_PM_8743fc49ed.png]
[fresh-boot-3c0a0dc212.media.strapiapp.com/pexels_duartefotografia_19138690_a720cd3001.jpg]
[fresh-boot-3c0a0dc212.media.strapiapp.com/thumbnail_pexels_duartefotografia_19138690_a720cd3001.jpg]
[fresh-boot-3c0a0dc212.media.strapiapp.com/small_pexels_duartefotografia_19138690_a720cd3001.jpg]
[fresh-boot-3c0a0dc212.media.strapiapp.com/medium_pexels_duartefotografia_19138690_a720cd3001.jpg]
[fresh-boot-3c0a0dc212.media.strapiapp.com/large_pexels_duartefotografia_19138690_a720cd3001.jpg]
[fresh-boot-3c0a0dc212.media.strapiapp.com/tony_pham_F_Um_De_Bx1_LA_unsplash_c4f3dc873b.jpg]
[fresh-boot-3c0a0dc212.media.strapiapp.com/thumbnail_tony_pham_F_Um_De_Bx1_LA_unsplash_c4f3dc873b.jpg]
[fresh-boot-3c0a0dc212.media.strapiapp.com/small_tony_pham_F_Um_De_Bx1_LA_unsplash_c4f3dc873b.jpg]
[fresh-boot-3c0a0dc212.media.strapiapp.com/medium_tony_pham_F_Um_De_Bx1_LA_unsplash_c4f3dc873b.jpg]
[fresh-boot-3c0a0dc212.media.strapiapp.com/large_tony_pham_F_Um_De_Bx1_LA_unsplash_c4f3dc873b.jpg]
[fresh-boot-3c0a0dc212.media.strapiapp.com/pexels_trksami_20532120_92a9b47b53.jpg]
[fresh-boot-3c0a0dc212.media.strapiapp.com/thumbnail_pexels_trksami_20532120_92a9b47b53.jpg]
[fresh-boot-3c0a0dc212.media.strapiapp.com/small_pexels_trksami_20532120_92a9b47b53.jpg]
[fresh-boot-3c0a0dc212.media.strapiapp.com/medium_pexels_trksami_20532120_92a9b47b53.jpg]
[fresh-boot-3c0a0dc212.media.strapiapp.com/large_pexels_trksami_20532120_92a9b47b53.jpg]
[fresh-boot-3c0a0dc212.media.strapiapp.com/kate_trysh_xmv_XKD_Rpa9_M_unsplash_6515586a55.jpg]
[fresh-boot-3c0a0dc212.media.strapiapp.com/thumbnail_kate_trysh_xmv_XKD_Rpa9_M_unsplash_6515586a55.jpg]
[fresh-boot-3c0a0dc212.media.strapiapp.com/small_kate_trysh_xmv_XKD_Rpa9_M_unsplash_6515586a55.jpg]
[fresh-boot-3c0a0dc212.media.strapiapp.com/medium_kate_trysh_xmv_XKD_Rpa9_M_unsplash_6515586a55.jpg]
[fresh-boot-3c0a0dc212.media.strapiapp.com/large_kate_trysh_xmv_XKD_Rpa9_M_unsplash_6515586a55.jpg]
[fresh-boot-3c0a0dc212.media.strapiapp.com/Screenshot_2026_06_18_at_1_11_16_PM_8b9fdc276d.png]
[fresh-boot-3c0a0dc212.media.strapiapp.com/thumbnail_Screenshot_2026_06_18_at_1_11_16_PM_8b9fdc276d.png]
[fresh-boot-3c0a0dc212.media.strapiapp.com/small_Screenshot_2026_06_18_at_1_11_16_PM_8b9fdc276d.png]
[fresh-boot-3c0a0dc212.media.strapiapp.com/medium_Screenshot_2026_06_18_at_1_11_16_PM_8b9fdc276d.png]
[fresh-boot-3c0a0dc212.media.strapiapp.com/large_Screenshot_2026_06_18_at_1_11_16_PM_8b9fdc276d.png]
[findrealestate.com/blog/nyc-summer-events-2026.html]
[fresh-boot-3c0a0dc212.media.strapiapp.com/leonhard_niederwimmer_nyc_4854718_1_bbfc4dcaf2.jpg]
[fresh-boot-3c0a0dc212.media.strapiapp.com/thumbnail_leonhard_niederwimmer_nyc_4854718_1_bbfc4dcaf2.jpg]
[fresh-boot-3c0a0dc212.media.strapiapp.com/small_leonhard_niederwimmer_nyc_4854718_1_bbfc4dcaf2.jpg]
[fresh-boot-3c0a0dc212.media.strapiapp.com/medium_leonhard_niederwimmer_nyc_4854718_1_bbfc4dcaf2.jpg]
[fresh-boot-3c0a0dc212.media.strapiapp.com/large_leonhard_niederwimmer_nyc_4854718_1_bbfc4dcaf2.jpg]
[fresh-boot-3c0a0dc212.media.strapiapp.com/Screenshot_2026_05_11_at_3_25_54_PM_0f0b0331f1.png]
[fresh-boot-3c0a0dc212.media.strapiapp.com/thumbnail_Screenshot_2026_05_11_at_3_25_54_PM_0f0b0331f1.png]
[fresh-boot-3c0a0dc212.media.strapiapp.com/small_Screenshot_2026_05_11_at_3_25_54_PM_0f0b0331f1.png]
[fresh-boot-3c0a0dc212.media.strapiapp.com/medium_Screenshot_2026_05_11_at_3_25_54_PM_0f0b0331f1.png]
[fresh-boot-3c0a0dc212.media.strapiapp.com/large_Screenshot_2026_05_11_at_3_25_54_PM_0f0b0331f1.png]
[fresh-boot-3c0a0dc212.media.strapiapp.com/view_skyline_new_york_city_2ece67df6e.jpg]
[fresh-boot-3c0a0dc212.media.strapiapp.com/thumbnail_view_skyline_new_york_city_2ece67df6e.jpg]
[fresh-boot-3c0a0dc212.media.strapiapp.com/small_view_skyline_new_york_city_2ece67df6e.jpg]
[fresh-boot-3c0a0dc212.media.strapiapp.com/medium_view_skyline_new_york_city_2ece67df6e.jpg]
[fresh-boot-3c0a0dc212.media.strapiapp.com/large_view_skyline_new_york_city_2ece67df6e.jpg]
[fresh-boot-3c0a0dc212.media.strapiapp.com/Screenshot_2026_05_11_at_3_52_59_PM_59f0c5360b.png]
[fresh-boot-3c0a0dc212.media.strapiapp.com/thumbnail_Screenshot_2026_05_11_at_3_52_59_PM_59f0c5360b.png]
[fresh-boot-3c0a0dc212.media.strapiapp.com/small_Screenshot_2026_05_11_at_3_52_59_PM_59f0c5360b.png]
[fresh-boot-3c0a0dc212.media.strapiapp.com/medium_Screenshot_2026_05_11_at_3_52_59_PM_59f0c5360b.png]
[fresh-boot-3c0a0dc212.media.strapiapp.com/large_Screenshot_2026_05_11_at_3_52_59_PM_59f0c5360b.png]
[fresh-boot-3c0a0dc212.media.strapiapp.com/Screenshot_2026_05_11_at_4_06_58_PM_bd2fde642c.png]
[fresh-boot-3c0a0dc212.media.strapiapp.com/thumbnail_Screenshot_2026_05_11_at_4_06_58_PM_bd2fde642c.png]
[fresh-boot-3c0a0dc212.media.strapiapp.com/small_Screenshot_2026_05_11_at_4_06_58_PM_bd2fde642c.png]
[fresh-boot-3c0a0dc212.media.strapiapp.com/medium_Screenshot_2026_05_11_at_4_06_58_PM_bd2fde642c.png]
[fresh-boot-3c0a0dc212.media.strapiapp.com/large_Screenshot_2026_05_11_at_4_06_58_PM_bd2fde642c.png]
[findrealestate.com/blog/best-low-density-nyc-neighborhoods-families-luxury.html]
[findrealestate.com/blog/5-cozy-ways-to-spend-a-snow-day-at-home.html]
[findrealestate.com/blog/8-ways-agents-held-back-their-business-2025.html]
[findrealestate.com/blog/market-update-jan-2026.html]
[findrealestate.com/blog/wrapping-up-a-sale-before-the-ball-drops.html]
[findrealestate.com/blog/year-in-review-2025.html]
[findrealestate.com/blog/your-cozy-holiday-home-a-gift-that-lasts-all-year.html]
[findrealestate.com/blog/finding-your-hearth-the-perfect-home-for-holiday-gatherings.html]
[findrealestate.com/static/chunks/404dbbc-39]
[findrealestate.com/static/chunks/404dbbc-40]
[findrealestate.com/static/chunks/404dbbc-41]
[findrealestate.com/_next/static/css/6c7b6a0cc24629d5dbbc.css]
[findrealestate.com/_next/static/css/d578f8b9021f8327dbbc.css]
[findrealestate.com/_next/static/chunks/3915-9c1188c08eb64510dbbc.js]
[findrealestate.com/_next/static/chunks/app/(light)/blog/[slug]/page-818946ba52955711dbbc.js]
[findrealestate.com/blog/static/chunks/404dbbc]
[findrealestate.com/blog/static/chunks/404dbbc-2]
[findrealestate.com/blog/static/chunks/404dbbc-3]
[findrealestate.com/blog/static/chunks/404dbbc-4]
[findrealestate.com/blog/static/chunks/404dbbc-5]
[findrealestate.com/blog/static/chunks/404dbbc-6]
[findrealestate.com/blog/static/chunks/404dbbc-7]
[findrealestate.com/blog/static/chunks/404dbbc-8]
[findrealestate.com/blog/static/chunks/404dbbc-9]
[findrealestate.com/blog/static/chunks/404dbbc-10]
[findrealestate.com/blog/static/chunks/404dbbc-11]
[findrealestate.com/blog/static/chunks/404dbbc-12]
[findrealestate.com/blog/static/chunks/404dbbc-13]
[findrealestate.com/blog/static/chunks/404dbbc-14]
[findrealestate.com/blog/static/chunks/404dbbc-15]
[findrealestate.com/blog/static/chunks/404dbbc-16]
[findrealestate.com/blog/static/chunks/404dbbc-17]
[findrealestate.com/blog/static/chunks/404dbbc-18]
[findrealestate.com/blog/static/chunks/404dbbc-19]
[findrealestate.com/blog/static/chunks/404dbbc-20]
[findrealestate.com/blog/static/chunks/404dbbc-21]
[findrealestate.com/blog/static/chunks/404dbbc-22]
[findrealestate.com/blog/static/chunks/404dbbc-23]
[findrealestate.com/_next/static/chunks/6835-e13d8d5dc6b51f9ddbbc.js]
[findrealestate.com/_next/static/chunks/app/(light)/about/page-9a41ad5389cfd5f6dbbc.js]
[findrealestate.com/_next/1bee212fc943be04332eb30e3873c175f3f037623e98.jpg]
[findrealestate.com/_next/1bee212fc943be04332eb30e3873c175f3f03762076b.jpg]
[findrealestate.com/_next/1bee212fc943be04332eb30e3873c175f3f037626d65.jpg]
[findrealestate.com/_next/1bee212fc943be04332eb30e3873c175f3f03762b3c6.jpg]
[findrealestate.com/_next/1bee212fc943be04332eb30e3873c175f3f03762f7ab.jpg]
[findrealestate.com/_next/1bee212fc943be04332eb30e3873c175f3f0376218f5.jpg]
[findrealestate.com/_next/1bee212fc943be04332eb30e3873c175f3f0376279db.jpg]
[findrealestate.com/_next/eee12d3de396c70c69c57c3470fa7b567cfc1b14bd31.jpg]
[findrealestate.com/_next/eee12d3de396c70c69c57c3470fa7b567cfc1b145bd8.jpg]
[findrealestate.com/_next/eee12d3de396c70c69c57c3470fa7b567cfc1b14dbc1.jpg]
[findrealestate.com/_next/eee12d3de396c70c69c57c3470fa7b567cfc1b14d06a.jpg]
[findrealestate.com/_next/eee12d3de396c70c69c57c3470fa7b567cfc1b14ef3e.jpg]
[findrealestate.com/_next/eee12d3de396c70c69c57c3470fa7b567cfc1b143c2e.jpg]
[findrealestate.com/_next/eee12d3de396c70c69c57c3470fa7b567cfc1b141f38.jpg]
[findrealestate.com/_next/7705cbb97a43b56882dfb42762b156bdb240c419e01b.jpg]
[findrealestate.com/_next/7705cbb97a43b56882dfb42762b156bdb240c419ef7f.jpg]
[findrealestate.com/_next/7705cbb97a43b56882dfb42762b156bdb240c4194902.jpg]
[findrealestate.com/_next/7705cbb97a43b56882dfb42762b156bdb240c4198fe0.jpg]
[findrealestate.com/_next/7705cbb97a43b56882dfb42762b156bdb240c4190f84.jpg]
[findrealestate.com/_next/7705cbb97a43b56882dfb42762b156bdb240c419b21b.jpg]
[findrealestate.com/_next/7705cbb97a43b56882dfb42762b156bdb240c419941f.jpg]
[findrealestate.com/certified-agents.html]
[findrealestate.com/static/chunks/404dbbc-42]
[findrealestate.com/_next/static/css/704935a5150163d1dbbc.css]
[findrealestate.com/_next/static/css/818f5a3d45211294dbbc.css]
[findrealestate.com/_next/static/css/b71003f372f9e832dbbc.css]
[findrealestate.com/_next/static/css/55189f4d11353ffbdbbc.css]
[findrealestate.com/_next/static/chunks/app/(light)/operating-procedure/page-5faece7cef847607dbbc.js]
[findrealestate.com/_next/static/css/c3065cf64caf423ddbbc.css]
[findrealestate.com/_next/static/css/448b58ea9519a9d8dbbc.css]
[findrealestate.com/_next/static/chunks/app/(light)/press-and-media/page-e8216b545f8d2816dbbc.js]
[findrealestate.com/press-and-media/find-real-estate-launch.html]
[findrealestate.com/_next/static/css/71fc680ded0e6ed8dbbc.css]
[findrealestate.com/_next/static/chunks/5501-244fb1d0d86346c5dbbc.js]
[findrealestate.com/_next/static/chunks/app/(light)/certified-agents/page-08f1c901a644de77dbbc.js]
[findrealestate.com/static/chunks/404dbbc-43]
[findrealestate.com/_next/static/chunks/app/(light)/press-and-media/[slug]/page-0b51501b44b466cbdbbc.js]
[findrealestate.com/press-and-media/static/chunks/404dbbc]
[findrealestate.com/press-and-media/static/chunks/404dbbc-2]
[findrealestate.com/press-and-media/static/chunks/404dbbc-3]
[findrealestate.com/press-and-media/static/chunks/404dbbc-4]
[findrealestate.com/press-and-media/static/chunks/404dbbc-5]
[findrealestate.com/press-and-media/static/chunks/404dbbc-6]
[findrealestate.com/press-and-media/static/chunks/404dbbc-7]
[findrealestate.com/press-and-media/static/chunks/404dbbc-8]
[findrealestate.com/press-and-media/static/chunks/404dbbc-9]
[findrealestate.com/press-and-media/static/chunks/404dbbc-10]
[findrealestate.com/press-and-media/static/chunks/404dbbc-11]
[findrealestate.com/press-and-media/static/chunks/404dbbc-12]
[findrealestate.com/press-and-media/static/chunks/404dbbc-13]
[findrealestate.com/press-and-media/static/chunks/404dbbc-14]
[findrealestate.com/press-and-media/static/chunks/404dbbc-15]
[findrealestate.com/press-and-media/static/chunks/404dbbc-16]
[findrealestate.com/press-and-media/static/chunks/404dbbc-17]
[findrealestate.com/press-and-media/static/chunks/404dbbc-18]
[findrealestate.com/press-and-media/static/chunks/404dbbc-19]
[findrealestate.com/press-and-media/static/chunks/404dbbc-20]
[findrealestate.com/press-and-media/static/chunks/404dbbc-21]
[findrealestate.com/press-and-media/static/chunks/404dbbc-22]
[findrealestate.com/press-and-media/static/chunks/404dbbc-23]
